start 2026-09-14 21:08:46; targets(hash160)={"4efb42b89b4c8f081ead5b3aca26f5938847d0bd": "marker 18Cchrj (sha256 of 149 digits)", "64ffbec5bbdf453699c81d621d852169b4fac8c5": "marker 1AD2wf (sha256 of phase-1 answer)", "190403becbbc7bb057d7ad2e1d42c5728bb6b3f9": "marker 13HGhjk (bit-reversed URL integer)", "a9553269572a317e39f0f518cb87c1a0ee1dbae4": "PRIZE Half", "4bc468447fe1b048ad030a2f9a125478eabc4ed6": "PRIZE Better Half"}
CONTROL 2026-09-14_m4_zeroing_oracles__candidates.jsonl: ok=True expected={477: '1AD2wf', 478: '18Cchrj', 479: '13HGhjk', 480: '1AD2wf', 481: '1GyT5W', 482: '1AD2wf'} got={477: ['1AD2wf'], 478: ['18Cchrj'], 479: ['13HGhjk'], 480: ['1AD2wf'], 481: ['1GyT5W'], 482: ['1AD2wf']}
CONTROL 2026-09-14_pointer_selectors__candidates.jsonl: ok=True expected={2120: '1AD2wf', 2121: '18Cchrj', 2122: '13HGhjk', 2123: '1AD2wf', 2124: '1GyT5W', 2125: '1AD2wf'} got={2120: ['1AD2wf'], 2121: ['18Cchrj'], 2122: ['13HGhjk'], 2123: ['1AD2wf'], 2124: ['1GyT5W'], 2125: ['1AD2wf']}
CONTROL 2026-09-14_board_shape_sums__all_outputs.jsonl: ok=True expected={745: '1AD2wf', 746: '18Cchrj', 747: '13HGhjk', 748: '1AD2wf', 749: '1GyT5W', 750: '1AD2wf'} got={745: ['1AD2wf'], 746: ['18Cchrj'], 747: ['13HGhjk'], 748: ['1AD2wf'], 749: ['1GyT5W'], 750: ['1AD2wf']}
CONTROL 2026-09-14_colour_selectors__all_outputs.jsonl: ok=True expected={143: '1AD2wf', 144: '18Cchrj', 145: '13HGhjk', 146: '1AD2wf', 147: '1GyT5W', 148: '1AD2wf'} got={143: ['1AD2wf'], 144: ['18Cchrj'], 145: ['13HGhjk'], 146: ['1AD2wf'], 147: ['1GyT5W'], 148: ['1AD2wf']}
CONTROL 2026-09-14_keyed_faed__all_outputs.jsonl: ok=True expected={94: '1AD2wf', 95: '18Cchrj', 96: '13HGhjk', 97: '1AD2wf', 98: '1GyT5W', 99: '1AD2wf'} got={94: ['1AD2wf'], 95: ['18Cchrj'], 96: ['13HGhjk'], 97: ['1AD2wf'], 98: ['1GyT5W'], 99: ['1AD2wf']}
CONTROL 2026-09-14_tail_cipher__all_outputs.jsonl: ok=True expected={182: '1AD2wf', 183: '18Cchrj', 184: '13HGhjk', 185: '1AD2wf', 186: '1GyT5W', 187: '1AD2wf'} got={182: ['1AD2wf'], 183: ['18Cchrj'], 184: ['13HGhjk'], 185: ['1AD2wf'], 186: ['1GyT5W'], 187: ['1AD2wf']}
  2026-09-14_matrixsum_lastwords__all_outputs.jsonl: 5000 rows, 31884 unique scalars, 0 hits
  2026-09-14_matrixsum_lastwords__all_outputs.jsonl: 10000 rows, 50533 unique scalars, 0 hits
  2026-09-14_matrixsum_lastwords__all_outputs.jsonl: 15000 rows, 75846 unique scalars, 0 hits
  2026-09-14_matrixsum_lastwords__all_outputs.jsonl: 20000 rows, 178621 unique scalars, 0 hits
  2026-09-14_matrixsum_lastwords__all_outputs.jsonl: 25000 rows, 297112 unique scalars, 0 hits
  2026-09-14_matrixsum_lastwords__all_outputs.jsonl: 30000 rows, 313832 unique scalars, 0 hits
CONTROL 2026-09-14_matrixsum_lastwords__all_outputs.jsonl: ok=True expected={34861: '1AD2wf', 34862: '18Cchrj', 34863: '13HGhjk', 34864: '1AD2wf', 34865: '1GyT5W', 34866: '1AD2wf'} got={34861: ['1AD2wf'], 34862: ['18Cchrj'], 34863: ['13HGhjk'], 34864: ['1AD2wf'], 34865: ['1GyT5W'], 34866: ['1AD2wf']}
REAL 2026-09-14_m4_zeroing_oracles/candidates.jsonl: rows=476 unique_scalars=3053 hits=0
REAL 2026-09-14_pointer_selectors/candidates.jsonl: rows=2119 unique_scalars=13832 hits=0
REAL 2026-09-14_board_shape_sums/all_outputs.jsonl: rows=744 unique_scalars=7466 hits=0
REAL 2026-09-14_colour_selectors/all_outputs.jsonl: rows=142 unique_scalars=1440 hits=0
REAL 2026-09-14_keyed_faed/all_outputs.jsonl: rows=93 unique_scalars=96522 hits=0
REAL 2026-09-14_tail_cipher/all_outputs.jsonl: rows=181 unique_scalars=13074 hits=0
  all_outputs.jsonl: 5000 rows, 31884 unique scalars, 0 hits
  all_outputs.jsonl: 10000 rows, 50533 unique scalars, 0 hits
  all_outputs.jsonl: 15000 rows, 75846 unique scalars, 0 hits
  all_outputs.jsonl: 20000 rows, 178621 unique scalars, 0 hits
  all_outputs.jsonl: 25000 rows, 297112 unique scalars, 0 hits
  all_outputs.jsonl: 30000 rows, 313832 unique scalars, 0 hits
REAL 2026-09-14_matrixsum_lastwords/all_outputs.jsonl: rows=34860 unique_scalars=341525 hits=0
DONE rows=38615 scalars=476912 hits=0 in 147.6s
